Info: Starting: Create simulation model
Info: qsys-generate /home/notforest/Documents/forest-riscv/jtag_debug_sys.qsys --simulation=VHDL --allow-mixed-language-simulation --output-directory=/home/notforest/Documents/forest-riscv/jtag_debug_sys/simulation --family="Cyclone IV E" --part=EP4CE6E22C8
Progress: Loading forest-riscv/jtag_debug_sys.qsys
Progress: Reading input file
Progress: Adding clk_0 [clock_source 23.1]
Progress: Parameterizing module clk_0
Progress: Adding master_0 [altera_jtag_avalon_master 23.1]
Progress: Parameterizing module master_0
Progress: Adding pio_arg [altera_avalon_pio 23.1]
Progress: Parameterizing module pio_arg
Progress: Adding pio_cmd [altera_avalon_pio 23.1]
Progress: Parameterizing module pio_cmd
Progress: Adding pio_data [altera_avalon_pio 23.1]
Progress: Parameterizing module pio_data
Progress: Building connections
Progress: Parameterizing connections
Progress: Validating
Progress: Done reading input file
Info: jtag_debug_sys.pio_data: PIO inputs are not hardwired in test bench. Undefined values will be read from PIO inputs during simulation.
Info: jtag_debug_sys: Generating jtag_debug_sys "jtag_debug_sys" for SIM_VHDL
Info: master_0: "jtag_debug_sys" instantiated altera_jtag_avalon_master "master_0"
Info: pio_arg: Starting RTL generation for module 'jtag_debug_sys_pio_arg'
Info: pio_arg:   Generation command is [exec /home/notforest/intelFPGA_lite/23.1std/quartus/linux64/perl/bin/perl -I /home/notforest/intelFPGA_lite/23.1std/quartus/linux64/perl/lib -I /home/notforest/intelFPGA_lite/23.1std/quartus/sopc_builder/bin/europa -I /home/notforest/intelFPGA_lite/23.1std/quartus/sopc_builder/bin -I /home/notforest/intelFPGA_lite/23.1std/quartus/../ip/altera/sopc_builder_ip/common -I /home/notforest/intelFPGA_lite/23.1std/quartus/../ip/altera/sopc_builder_ip/altera_avalon_pio -- /home/notforest/intelFPGA_lite/23.1std/quartus/../ip/altera/sopc_builder_ip/altera_avalon_pio/generate_rtl.pl --name=jtag_debug_sys_pio_arg --dir=/tmp/alt9984_5061381326520681757.dir/0002_pio_arg_gen/ --quartus_dir=/home/notforest/intelFPGA_lite/23.1std/quartus --vhdl --config=/tmp/alt9984_5061381326520681757.dir/0002_pio_arg_gen//jtag_debug_sys_pio_arg_component_configuration.pl  --do_build_sim=1    --sim_dir=/tmp/alt9984_5061381326520681757.dir/0002_pio_arg_gen/  ]
Info: pio_arg: Done RTL generation for module 'jtag_debug_sys_pio_arg'
Info: pio_arg: "jtag_debug_sys" instantiated altera_avalon_pio "pio_arg"
Info: pio_cmd: Starting RTL generation for module 'jtag_debug_sys_pio_cmd'
Info: pio_cmd:   Generation command is [exec /home/notforest/intelFPGA_lite/23.1std/quartus/linux64/perl/bin/perl -I /home/notforest/intelFPGA_lite/23.1std/quartus/linux64/perl/lib -I /home/notforest/intelFPGA_lite/23.1std/quartus/sopc_builder/bin/europa -I /home/notforest/intelFPGA_lite/23.1std/quartus/sopc_builder/bin -I /home/notforest/intelFPGA_lite/23.1std/quartus/../ip/altera/sopc_builder_ip/common -I /home/notforest/intelFPGA_lite/23.1std/quartus/../ip/altera/sopc_builder_ip/altera_avalon_pio -- /home/notforest/intelFPGA_lite/23.1std/quartus/../ip/altera/sopc_builder_ip/altera_avalon_pio/generate_rtl.pl --name=jtag_debug_sys_pio_cmd --dir=/tmp/alt9984_5061381326520681757.dir/0003_pio_cmd_gen/ --quartus_dir=/home/notforest/intelFPGA_lite/23.1std/quartus --vhdl --config=/tmp/alt9984_5061381326520681757.dir/0003_pio_cmd_gen//jtag_debug_sys_pio_cmd_component_configuration.pl  --do_build_sim=1    --sim_dir=/tmp/alt9984_5061381326520681757.dir/0003_pio_cmd_gen/  ]
Info: pio_cmd: Done RTL generation for module 'jtag_debug_sys_pio_cmd'
Info: pio_cmd: "jtag_debug_sys" instantiated altera_avalon_pio "pio_cmd"
Info: pio_data: Starting RTL generation for module 'jtag_debug_sys_pio_data'
Info: pio_data:   Generation command is [exec /home/notforest/intelFPGA_lite/23.1std/quartus/linux64/perl/bin/perl -I /home/notforest/intelFPGA_lite/23.1std/quartus/linux64/perl/lib -I /home/notforest/intelFPGA_lite/23.1std/quartus/sopc_builder/bin/europa -I /home/notforest/intelFPGA_lite/23.1std/quartus/sopc_builder/bin -I /home/notforest/intelFPGA_lite/23.1std/quartus/../ip/altera/sopc_builder_ip/common -I /home/notforest/intelFPGA_lite/23.1std/quartus/../ip/altera/sopc_builder_ip/altera_avalon_pio -- /home/notforest/intelFPGA_lite/23.1std/quartus/../ip/altera/sopc_builder_ip/altera_avalon_pio/generate_rtl.pl --name=jtag_debug_sys_pio_data --dir=/tmp/alt9984_5061381326520681757.dir/0004_pio_data_gen/ --quartus_dir=/home/notforest/intelFPGA_lite/23.1std/quartus --vhdl --config=/tmp/alt9984_5061381326520681757.dir/0004_pio_data_gen//jtag_debug_sys_pio_data_component_configuration.pl  --do_build_sim=1    --sim_dir=/tmp/alt9984_5061381326520681757.dir/0004_pio_data_gen/  ]
Info: pio_data: Done RTL generation for module 'jtag_debug_sys_pio_data'
Info: pio_data: "jtag_debug_sys" instantiated altera_avalon_pio "pio_data"
Info: avalon_st_adapter: Inserting error_adapter: error_adapter_0
Info: avalon_st_adapter_001: Inserting error_adapter: error_adapter_0
Info: avalon_st_adapter_002: Inserting error_adapter: error_adapter_0
Info: mm_interconnect_0: "jtag_debug_sys" instantiated altera_mm_interconnect "mm_interconnect_0"
Info: rst_controller: "jtag_debug_sys" instantiated altera_reset_controller "rst_controller"
Info: jtag_phy_embedded_in_jtag_master: "master_0" instantiated altera_jtag_dc_streaming "jtag_phy_embedded_in_jtag_master"
Info: timing_adt: "master_0" instantiated timing_adapter "timing_adt"
Info: fifo: "master_0" instantiated altera_avalon_sc_fifo "fifo"
Info: b2p: "master_0" instantiated altera_avalon_st_bytes_to_packets "b2p"
Info: p2b: "master_0" instantiated altera_avalon_st_packets_to_bytes "p2b"
Info: transacto: "master_0" instantiated altera_avalon_packets_to_master "transacto"
Info: b2p_adapter: "master_0" instantiated channel_adapter "b2p_adapter"
Info: p2b_adapter: "master_0" instantiated channel_adapter "p2b_adapter"
Info: master_0_master_translator: "mm_interconnect_0" instantiated altera_merlin_master_translator "master_0_master_translator"
Info: pio_cmd_s1_translator: "mm_interconnect_0" instantiated altera_merlin_slave_translator "pio_cmd_s1_translator"
Info: master_0_master_agent: "mm_interconnect_0" instantiated altera_merlin_master_agent "master_0_master_agent"
Info: pio_cmd_s1_agent: "mm_interconnect_0" instantiated altera_merlin_slave_agent "pio_cmd_s1_agent"
Info: router: "mm_interconnect_0" instantiated altera_merlin_router "router"
Info: router_001: "mm_interconnect_0" instantiated altera_merlin_router "router_001"
Info: master_0_master_limiter: "mm_interconnect_0" instantiated altera_merlin_traffic_limiter "master_0_master_limiter"
Info: Reusing file /home/notforest/Documents/forest-riscv/jtag_debug_sys/simulation/submodules/altera_avalon_sc_fifo.v
Info: Reusing file /home/notforest/Documents/forest-riscv/jtag_debug_sys/simulation/submodules/altera_avalon_st_pipeline_base.v
Info: cmd_demux: "mm_interconnect_0" instantiated altera_merlin_demultiplexer "cmd_demux"
Info: cmd_mux: "mm_interconnect_0" instantiated altera_merlin_multiplexer "cmd_mux"
Info: rsp_demux: "mm_interconnect_0" instantiated altera_merlin_demultiplexer "rsp_demux"
Info: rsp_mux: "mm_interconnect_0" instantiated altera_merlin_multiplexer "rsp_mux"
Info: Reusing file /home/notforest/Documents/forest-riscv/jtag_debug_sys/simulation/submodules/altera_merlin_arbitrator.sv
Info: avalon_st_adapter: "mm_interconnect_0" instantiated altera_avalon_st_adapter "avalon_st_adapter"
Info: error_adapter_0: "avalon_st_adapter" instantiated error_adapter "error_adapter_0"
Info: jtag_debug_sys: Done "jtag_debug_sys" with 28 modules, 43 files
Info: qsys-generate succeeded.
Info: Finished: Create simulation model
Info: Starting: Create Modelsim Project.
Info: sim-script-gen --spd=/home/notforest/Documents/forest-riscv/jtag_debug_sys/jtag_debug_sys.spd --output-directory=/home/notforest/Documents/forest-riscv/jtag_debug_sys/simulation/ --use-relative-paths=true
Info: Doing: ip-make-simscript --spd=/home/notforest/Documents/forest-riscv/jtag_debug_sys/jtag_debug_sys.spd --output-directory=/home/notforest/Documents/forest-riscv/jtag_debug_sys/simulation/ --use-relative-paths=true
Info: Generating the following file(s) for MODELSIM simulator in /home/notforest/Documents/forest-riscv/jtag_debug_sys/simulation/ directory:
Info: 	mentor/msim_setup.tcl
Info: Skipping VCS script generation since VHDL file $QUARTUS_INSTALL_DIR/eda/sim_lib/altera_syn_attributes.vhd is required for simulation
Info: Generating the following file(s) for XCELIUM simulator in /home/notforest/Documents/forest-riscv/jtag_debug_sys/simulation/ directory:
Info: 	xcelium/cds.lib
Info: 	xcelium/hdl.var
Info: 	xcelium/xcelium_setup.sh
Info: 	27 .cds.lib files in xcelium/cds_libs/ directory
Info: Generating the following file(s) for RIVIERA simulator in /home/notforest/Documents/forest-riscv/jtag_debug_sys/simulation/ directory:
Info: 	aldec/rivierapro_setup.tcl
Info: Generating the following file(s) for VCSMX simulator in /home/notforest/Documents/forest-riscv/jtag_debug_sys/simulation/ directory:
Info: 	synopsys/vcsmx/synopsys_sim.setup
Info: 	synopsys/vcsmx/vcsmx_setup.sh
Info: For information on how to simulate your IP, see the explanatory comments in the simulator-specific subdirectories under /home/notforest/Documents/forest-riscv/jtag_debug_sys/simulation/.
Info: Regenerate these scripts whenever you make any change to any Quartus-generated IP in your project.
Info: Finished: Create Modelsim Project.
Info: 
Info: Starting: Create HDL design files for synthesis
Info: qsys-generate /home/notforest/Documents/forest-riscv/jtag_debug_sys.qsys --synthesis=VHDL --output-directory=/home/notforest/Documents/forest-riscv/jtag_debug_sys/synthesis --family="Cyclone IV E" --part=EP4CE6E22C8
Progress: Loading forest-riscv/jtag_debug_sys.qsys
Progress: Reading input file
Progress: Adding clk_0 [clock_source 23.1]
Progress: Parameterizing module clk_0
Progress: Adding master_0 [altera_jtag_avalon_master 23.1]
Progress: Parameterizing module master_0
Progress: Adding pio_arg [altera_avalon_pio 23.1]
Progress: Parameterizing module pio_arg
Progress: Adding pio_cmd [altera_avalon_pio 23.1]
Progress: Parameterizing module pio_cmd
Progress: Adding pio_data [altera_avalon_pio 23.1]
Progress: Parameterizing module pio_data
Progress: Building connections
Progress: Parameterizing connections
Progress: Validating
Progress: Done reading input file
Info: jtag_debug_sys.pio_data: PIO inputs are not hardwired in test bench. Undefined values will be read from PIO inputs during simulation.
Info: jtag_debug_sys: Generating jtag_debug_sys "jtag_debug_sys" for QUARTUS_SYNTH
Info: master_0: "jtag_debug_sys" instantiated altera_jtag_avalon_master "master_0"
Info: pio_arg: Starting RTL generation for module 'jtag_debug_sys_pio_arg'
Info: pio_arg:   Generation command is [exec /home/notforest/intelFPGA_lite/23.1std/quartus/linux64/perl/bin/perl -I /home/notforest/intelFPGA_lite/23.1std/quartus/linux64/perl/lib -I /home/notforest/intelFPGA_lite/23.1std/quartus/sopc_builder/bin/europa -I /home/notforest/intelFPGA_lite/23.1std/quartus/sopc_builder/bin -I /home/notforest/intelFPGA_lite/23.1std/quartus/../ip/altera/sopc_builder_ip/common -I /home/notforest/intelFPGA_lite/23.1std/quartus/../ip/altera/sopc_builder_ip/altera_avalon_pio -- /home/notforest/intelFPGA_lite/23.1std/quartus/../ip/altera/sopc_builder_ip/altera_avalon_pio/generate_rtl.pl --name=jtag_debug_sys_pio_arg --dir=/tmp/alt9984_5061381326520681757.dir/0027_pio_arg_gen/ --quartus_dir=/home/notforest/intelFPGA_lite/23.1std/quartus --verilog --config=/tmp/alt9984_5061381326520681757.dir/0027_pio_arg_gen//jtag_debug_sys_pio_arg_component_configuration.pl  --do_build_sim=0  ]
Info: pio_arg: Done RTL generation for module 'jtag_debug_sys_pio_arg'
Info: pio_arg: "jtag_debug_sys" instantiated altera_avalon_pio "pio_arg"
Info: pio_cmd: Starting RTL generation for module 'jtag_debug_sys_pio_cmd'
Info: pio_cmd:   Generation command is [exec /home/notforest/intelFPGA_lite/23.1std/quartus/linux64/perl/bin/perl -I /home/notforest/intelFPGA_lite/23.1std/quartus/linux64/perl/lib -I /home/notforest/intelFPGA_lite/23.1std/quartus/sopc_builder/bin/europa -I /home/notforest/intelFPGA_lite/23.1std/quartus/sopc_builder/bin -I /home/notforest/intelFPGA_lite/23.1std/quartus/../ip/altera/sopc_builder_ip/common -I /home/notforest/intelFPGA_lite/23.1std/quartus/../ip/altera/sopc_builder_ip/altera_avalon_pio -- /home/notforest/intelFPGA_lite/23.1std/quartus/../ip/altera/sopc_builder_ip/altera_avalon_pio/generate_rtl.pl --name=jtag_debug_sys_pio_cmd --dir=/tmp/alt9984_5061381326520681757.dir/0028_pio_cmd_gen/ --quartus_dir=/home/notforest/intelFPGA_lite/23.1std/quartus --verilog --config=/tmp/alt9984_5061381326520681757.dir/0028_pio_cmd_gen//jtag_debug_sys_pio_cmd_component_configuration.pl  --do_build_sim=0  ]
Info: pio_cmd: Done RTL generation for module 'jtag_debug_sys_pio_cmd'
Info: pio_cmd: "jtag_debug_sys" instantiated altera_avalon_pio "pio_cmd"
Info: pio_data: Starting RTL generation for module 'jtag_debug_sys_pio_data'
Info: pio_data:   Generation command is [exec /home/notforest/intelFPGA_lite/23.1std/quartus/linux64/perl/bin/perl -I /home/notforest/intelFPGA_lite/23.1std/quartus/linux64/perl/lib -I /home/notforest/intelFPGA_lite/23.1std/quartus/sopc_builder/bin/europa -I /home/notforest/intelFPGA_lite/23.1std/quartus/sopc_builder/bin -I /home/notforest/intelFPGA_lite/23.1std/quartus/../ip/altera/sopc_builder_ip/common -I /home/notforest/intelFPGA_lite/23.1std/quartus/../ip/altera/sopc_builder_ip/altera_avalon_pio -- /home/notforest/intelFPGA_lite/23.1std/quartus/../ip/altera/sopc_builder_ip/altera_avalon_pio/generate_rtl.pl --name=jtag_debug_sys_pio_data --dir=/tmp/alt9984_5061381326520681757.dir/0029_pio_data_gen/ --quartus_dir=/home/notforest/intelFPGA_lite/23.1std/quartus --verilog --config=/tmp/alt9984_5061381326520681757.dir/0029_pio_data_gen//jtag_debug_sys_pio_data_component_configuration.pl  --do_build_sim=0  ]
Info: pio_data: Done RTL generation for module 'jtag_debug_sys_pio_data'
Info: pio_data: "jtag_debug_sys" instantiated altera_avalon_pio "pio_data"
Info: avalon_st_adapter: Inserting error_adapter: error_adapter_0
Info: avalon_st_adapter_001: Inserting error_adapter: error_adapter_0
Info: avalon_st_adapter_002: Inserting error_adapter: error_adapter_0
Info: mm_interconnect_0: "jtag_debug_sys" instantiated altera_mm_interconnect "mm_interconnect_0"
Info: rst_controller: "jtag_debug_sys" instantiated altera_reset_controller "rst_controller"
Info: jtag_phy_embedded_in_jtag_master: "master_0" instantiated altera_jtag_dc_streaming "jtag_phy_embedded_in_jtag_master"
Info: timing_adt: "master_0" instantiated timing_adapter "timing_adt"
Info: fifo: "master_0" instantiated altera_avalon_sc_fifo "fifo"
Info: b2p: "master_0" instantiated altera_avalon_st_bytes_to_packets "b2p"
Info: p2b: "master_0" instantiated altera_avalon_st_packets_to_bytes "p2b"
Info: transacto: "master_0" instantiated altera_avalon_packets_to_master "transacto"
Info: b2p_adapter: "master_0" instantiated channel_adapter "b2p_adapter"
Info: p2b_adapter: "master_0" instantiated channel_adapter "p2b_adapter"
Info: master_0_master_translator: "mm_interconnect_0" instantiated altera_merlin_master_translator "master_0_master_translator"
Info: pio_cmd_s1_translator: "mm_interconnect_0" instantiated altera_merlin_slave_translator "pio_cmd_s1_translator"
Info: master_0_master_agent: "mm_interconnect_0" instantiated altera_merlin_master_agent "master_0_master_agent"
Info: pio_cmd_s1_agent: "mm_interconnect_0" instantiated altera_merlin_slave_agent "pio_cmd_s1_agent"
Info: router: "mm_interconnect_0" instantiated altera_merlin_router "router"
Info: router_001: "mm_interconnect_0" instantiated altera_merlin_router "router_001"
Info: master_0_master_limiter: "mm_interconnect_0" instantiated altera_merlin_traffic_limiter "master_0_master_limiter"
Info: Reusing file /home/notforest/Documents/forest-riscv/jtag_debug_sys/synthesis/submodules/altera_avalon_sc_fifo.v
Info: Reusing file /home/notforest/Documents/forest-riscv/jtag_debug_sys/synthesis/submodules/altera_avalon_st_pipeline_base.v
Info: cmd_demux: "mm_interconnect_0" instantiated altera_merlin_demultiplexer "cmd_demux"
Info: cmd_mux: "mm_interconnect_0" instantiated altera_merlin_multiplexer "cmd_mux"
Info: rsp_demux: "mm_interconnect_0" instantiated altera_merlin_demultiplexer "rsp_demux"
Info: rsp_mux: "mm_interconnect_0" instantiated altera_merlin_multiplexer "rsp_mux"
Info: Reusing file /home/notforest/Documents/forest-riscv/jtag_debug_sys/synthesis/submodules/altera_merlin_arbitrator.sv
Info: avalon_st_adapter: "mm_interconnect_0" instantiated altera_avalon_st_adapter "avalon_st_adapter"
Info: error_adapter_0: "avalon_st_adapter" instantiated error_adapter "error_adapter_0"
Info: jtag_debug_sys: Done "jtag_debug_sys" with 28 modules, 43 files
Info: qsys-generate succeeded.
Info: Finished: Create HDL design files for synthesis
