------------------------------------------------------------
Timing Analyzer Summary
------------------------------------------------------------

Type  : Slow 1200mV 85C Model Setup 'FPGA_CLK'
Slack : 8.437
TNS   : 0.000

Type  : Slow 1200mV 85C Model Setup 'altera_reserved_tck'
Slack : 44.116
TNS   : 0.000

Type  : Slow 1200mV 85C Model Hold 'FPGA_CLK'
Slack : 0.408
TNS   : 0.000

Type  : Slow 1200mV 85C Model Hold 'altera_reserved_tck'
Slack : 0.452
TNS   : 0.000

Type  : Slow 1200mV 85C Model Recovery 'FPGA_CLK'
Slack : 15.832
TNS   : 0.000

Type  : Slow 1200mV 85C Model Recovery 'altera_reserved_tck'
Slack : 97.070
TNS   : 0.000

Type  : Slow 1200mV 85C Model Removal 'FPGA_CLK'
Slack : 1.160
TNS   : 0.000

Type  : Slow 1200mV 85C Model Removal 'altera_reserved_tck'
Slack : 1.187
TNS   : 0.000

Type  : Slow 1200mV 85C Model Minimum Pulse Width 'FPGA_CLK'
Slack : 9.662
TNS   : 0.000

Type  : Slow 1200mV 85C Model Minimum Pulse Width 'altera_reserved_tck'
Slack : 49.524
TNS   : 0.000

Type  : Slow 1200mV 0C Model Setup 'FPGA_CLK'
Slack : 8.989
TNS   : 0.000

Type  : Slow 1200mV 0C Model Setup 'altera_reserved_tck'
Slack : 44.625
TNS   : 0.000

Type  : Slow 1200mV 0C Model Hold 'FPGA_CLK'
Slack : 0.394
TNS   : 0.000

Type  : Slow 1200mV 0C Model Hold 'altera_reserved_tck'
Slack : 0.400
TNS   : 0.000

Type  : Slow 1200mV 0C Model Recovery 'FPGA_CLK'
Slack : 16.141
TNS   : 0.000

Type  : Slow 1200mV 0C Model Recovery 'altera_reserved_tck'
Slack : 97.253
TNS   : 0.000

Type  : Slow 1200mV 0C Model Removal 'FPGA_CLK'
Slack : 1.073
TNS   : 0.000

Type  : Slow 1200mV 0C Model Removal 'altera_reserved_tck'
Slack : 1.095
TNS   : 0.000

Type  : Slow 1200mV 0C Model Minimum Pulse Width 'FPGA_CLK'
Slack : 9.668
TNS   : 0.000

Type  : Slow 1200mV 0C Model Minimum Pulse Width 'altera_reserved_tck'
Slack : 49.404
TNS   : 0.000

Type  : Fast 1200mV 0C Model Setup 'FPGA_CLK'
Slack : 14.493
TNS   : 0.000

Type  : Fast 1200mV 0C Model Setup 'altera_reserved_tck'
Slack : 47.546
TNS   : 0.000

Type  : Fast 1200mV 0C Model Hold 'FPGA_CLK'
Slack : 0.146
TNS   : 0.000

Type  : Fast 1200mV 0C Model Hold 'altera_reserved_tck'
Slack : 0.186
TNS   : 0.000

Type  : Fast 1200mV 0C Model Recovery 'FPGA_CLK'
Slack : 18.076
TNS   : 0.000

Type  : Fast 1200mV 0C Model Recovery 'altera_reserved_tck'
Slack : 98.663
TNS   : 0.000

Type  : Fast 1200mV 0C Model Removal 'FPGA_CLK'
Slack : 0.491
TNS   : 0.000

Type  : Fast 1200mV 0C Model Removal 'altera_reserved_tck'
Slack : 0.502
TNS   : 0.000

Type  : Fast 1200mV 0C Model Minimum Pulse Width 'FPGA_CLK'
Slack : 9.328
TNS   : 0.000

Type  : Fast 1200mV 0C Model Minimum Pulse Width 'altera_reserved_tck'
Slack : 49.472
TNS   : 0.000

------------------------------------------------------------
