Flow report for forest-risc-v
Sun Sep  1 13:57:54 2024
Quartus Prime Version 23.1std.0 Build 991 11/28/2023 SC Lite Edition


---------------------
; Table of Contents ;
---------------------
  1. Legal Notice
  2. Flow Summary
  3. Flow Settings
  4. Flow Non-Default Global Settings
  5. Flow Elapsed Time
  6. Flow OS Summary
  7. Flow Log
  8. Flow Messages
  9. Flow Suppressed Messages



----------------
; Legal Notice ;
----------------
Copyright (C) 2023  Intel Corporation. All rights reserved.
Your use of Intel Corporation's design tools, logic functions 
and other software and tools, and any partner logic 
functions, and any output files from any of the foregoing 
(including device programming or simulation files), and any 
associated documentation or information are expressly subject 
to the terms and conditions of the Intel Program License 
Subscription Agreement, the Intel Quartus Prime License Agreement,
the Intel FPGA IP License Agreement, or other applicable license
agreement, including, without limitation, that your use is for
the sole purpose of programming logic devices manufactured by
Intel and sold by Intel or its authorized distributors.  Please
refer to the applicable agreement for further details, at
https://fpgasoftware.intel.com/eula.



+-------------------------------------------------------------------------------------+
; Flow Summary                                                                        ;
+------------------------------------+------------------------------------------------+
; Flow Status                        ; Successful - Sun Sep  1 13:57:54 2024          ;
; Quartus Prime Version              ; 23.1std.0 Build 991 11/28/2023 SC Lite Edition ;
; Revision Name                      ; forest-risc-v                                  ;
; Top-level Entity Name              ; forest-risc-v                                  ;
; Family                             ; Cyclone IV E                                   ;
; Device                             ; EP4CE6E22C8                                    ;
; Timing Models                      ; Final                                          ;
; Total logic elements               ; 7 / 6,272 ( < 1 % )                            ;
;     Total combinational functions  ; 7 / 6,272 ( < 1 % )                            ;
;     Dedicated logic registers      ; 2 / 6,272 ( < 1 % )                            ;
; Total registers                    ; 2                                              ;
; Total pins                         ; 6 / 92 ( 7 % )                                 ;
; Total virtual pins                 ; 0                                              ;
; Total memory bits                  ; 0 / 276,480 ( 0 % )                            ;
; Embedded Multiplier 9-bit elements ; 0 / 30 ( 0 % )                                 ;
; Total PLLs                         ; 0 / 2 ( 0 % )                                  ;
+------------------------------------+------------------------------------------------+


+-----------------------------------------+
; Flow Settings                           ;
+-------------------+---------------------+
; Option            ; Setting             ;
+-------------------+---------------------+
; Start date & time ; 09/01/2024 13:57:35 ;
; Main task         ; Compilation         ;
; Revision Name     ; forest-risc-v       ;
+-------------------+---------------------+


+------------------------------------------------------------------------------------------------------------------------------------------------+
; Flow Non-Default Global Settings                                                                                                               ;
+-------------------------------------+----------------------------------------+---------------+-------------+-----------------------------------+
; Assignment Name                     ; Value                                  ; Default Value ; Entity Name ; Section Id                        ;
+-------------------------------------+----------------------------------------+---------------+-------------+-----------------------------------+
; COMPILER_SIGNATURE_ID               ; 233999794851184.172519185528849        ; --            ; --          ; --                                ;
; EDA_GENERATE_FUNCTIONAL_NETLIST     ; Off                                    ; --            ; --          ; eda_board_design_timing           ;
; EDA_GENERATE_FUNCTIONAL_NETLIST     ; Off                                    ; --            ; --          ; eda_board_design_boundary_scan    ;
; EDA_GENERATE_FUNCTIONAL_NETLIST     ; Off                                    ; --            ; --          ; eda_board_design_signal_integrity ;
; EDA_GENERATE_FUNCTIONAL_NETLIST     ; Off                                    ; --            ; --          ; eda_board_design_symbol           ;
; EDA_OUTPUT_DATA_FORMAT              ; Verilog Hdl                            ; --            ; --          ; eda_simulation                    ;
; EDA_SIMULATION_TOOL                 ; Questa Intel FPGA (Verilog)            ; <None>        ; --          ; --                                ;
; EDA_TIME_SCALE                      ; 1 ps                                   ; --            ; --          ; eda_simulation                    ;
; MAX_CORE_JUNCTION_TEMP              ; 85                                     ; --            ; --          ; --                                ;
; MIN_CORE_JUNCTION_TEMP              ; 0                                      ; --            ; --          ; --                                ;
; MISC_FILE                           ; p_counter.bsf                          ; --            ; --          ; --                                ;
; MISC_FILE                           ; p_counter_inst.vhd                     ; --            ; --          ; --                                ;
; MISC_FILE                           ; p_counter.inc                          ; --            ; --          ; --                                ;
; MISC_FILE                           ; p_counter.cmp                          ; --            ; --          ; --                                ;
; MISC_FILE                           ; p_rom.bsf                              ; --            ; --          ; --                                ;
; MISC_FILE                           ; p_rom_inst.vhd                         ; --            ; --          ; --                                ;
; MISC_FILE                           ; p_rom.inc                              ; --            ; --          ; --                                ;
; MISC_FILE                           ; p_rom.cmp                              ; --            ; --          ; --                                ;
; MISC_FILE                           ; c_decoder.bsf                          ; --            ; --          ; --                                ;
; MISC_FILE                           ; c_decoder_inst.vhd                     ; --            ; --          ; --                                ;
; MISC_FILE                           ; c_decoder.inc                          ; --            ; --          ; --                                ;
; MISC_FILE                           ; c_decoder.cmp                          ; --            ; --          ; --                                ;
; MISC_FILE                           ; op_decoder.bsf                         ; --            ; --          ; --                                ;
; MISC_FILE                           ; op_decoder_inst.vhd                    ; --            ; --          ; --                                ;
; MISC_FILE                           ; op_decoder.inc                         ; --            ; --          ; --                                ;
; MISC_FILE                           ; op_decoder.cmp                         ; --            ; --          ; --                                ;
; MISC_FILE                           ; reg_decoder.bsf                        ; --            ; --          ; --                                ;
; MISC_FILE                           ; reg_decoder_inst.vhd                   ; --            ; --          ; --                                ;
; MISC_FILE                           ; reg_decoder.inc                        ; --            ; --          ; --                                ;
; MISC_FILE                           ; reg_decoder.cmp                        ; --            ; --          ; --                                ;
; MISC_FILE                           ; pp_counter.bsf                         ; --            ; --          ; --                                ;
; MISC_FILE                           ; pp_counter_inst.vhd                    ; --            ; --          ; --                                ;
; MISC_FILE                           ; pp_counter.inc                         ; --            ; --          ; --                                ;
; MISC_FILE                           ; pp_counter.cmp                         ; --            ; --          ; --                                ;
; MISC_FILE                           ; cnt_decoder.bsf                        ; --            ; --          ; --                                ;
; MISC_FILE                           ; cnt_decoder_inst.vhd                   ; --            ; --          ; --                                ;
; MISC_FILE                           ; cnt_decoder.inc                        ; --            ; --          ; --                                ;
; MISC_FILE                           ; cnt_decoder.cmp                        ; --            ; --          ; --                                ;
; MISC_FILE                           ; zero32bit.bsf                          ; --            ; --          ; --                                ;
; MISC_FILE                           ; zero32bit_inst.vhd                     ; --            ; --          ; --                                ;
; MISC_FILE                           ; zero32bit.inc                          ; --            ; --          ; --                                ;
; MISC_FILE                           ; zero32bit.cmp                          ; --            ; --          ; --                                ;
; MISC_FILE                           ; bus_mux.bsf                            ; --            ; --          ; --                                ;
; MISC_FILE                           ; bus_mux_inst.vhd                       ; --            ; --          ; --                                ;
; MISC_FILE                           ; bus_mux.inc                            ; --            ; --          ; --                                ;
; MISC_FILE                           ; bus_mux.cmp                            ; --            ; --          ; --                                ;
; MISC_FILE                           ; im_mux.bsf                             ; --            ; --          ; --                                ;
; MISC_FILE                           ; im_mux_inst.vhd                        ; --            ; --          ; --                                ;
; MISC_FILE                           ; im_mux.inc                             ; --            ; --          ; --                                ;
; MISC_FILE                           ; im_mux.cmp                             ; --            ; --          ; --                                ;
; MISC_FILE                           ; b_decoder.bsf                          ; --            ; --          ; --                                ;
; MISC_FILE                           ; b_decoder_inst.vhd                     ; --            ; --          ; --                                ;
; MISC_FILE                           ; b_decoder.inc                          ; --            ; --          ; --                                ;
; MISC_FILE                           ; b_decoder.cmp                          ; --            ; --          ; --                                ;
; MISC_FILE                           ; alu_add.bsf                            ; --            ; --          ; --                                ;
; MISC_FILE                           ; alu_add_inst.vhd                       ; --            ; --          ; --                                ;
; MISC_FILE                           ; alu_add.inc                            ; --            ; --          ; --                                ;
; MISC_FILE                           ; alu_add.cmp                            ; --            ; --          ; --                                ;
; MISC_FILE                           ; alu_sub.bsf                            ; --            ; --          ; --                                ;
; MISC_FILE                           ; alu_sub_inst.vhd                       ; --            ; --          ; --                                ;
; MISC_FILE                           ; alu_sub.inc                            ; --            ; --          ; --                                ;
; MISC_FILE                           ; alu_sub.cmp                            ; --            ; --          ; --                                ;
; MISC_FILE                           ; alu_sll.bsf                            ; --            ; --          ; --                                ;
; MISC_FILE                           ; alu_sll_inst.vhd                       ; --            ; --          ; --                                ;
; MISC_FILE                           ; alu_sll.inc                            ; --            ; --          ; --                                ;
; MISC_FILE                           ; alu_sll.cmp                            ; --            ; --          ; --                                ;
; MISC_FILE                           ; alu_srl.bsf                            ; --            ; --          ; --                                ;
; MISC_FILE                           ; alu_srl_inst.vhd                       ; --            ; --          ; --                                ;
; MISC_FILE                           ; alu_srl.inc                            ; --            ; --          ; --                                ;
; MISC_FILE                           ; alu_srl.cmp                            ; --            ; --          ; --                                ;
; MISC_FILE                           ; alu_sra.bsf                            ; --            ; --          ; --                                ;
; MISC_FILE                           ; alu_sra_inst.vhd                       ; --            ; --          ; --                                ;
; MISC_FILE                           ; alu_sra.inc                            ; --            ; --          ; --                                ;
; MISC_FILE                           ; alu_sra.cmp                            ; --            ; --          ; --                                ;
; MISC_FILE                           ; alu_mux.bsf                            ; --            ; --          ; --                                ;
; MISC_FILE                           ; alu_mux_inst.vhd                       ; --            ; --          ; --                                ;
; MISC_FILE                           ; alu_mux.inc                            ; --            ; --          ; --                                ;
; MISC_FILE                           ; alu_mux.cmp                            ; --            ; --          ; --                                ;
; MISC_FILE                           ; src_mux.bsf                            ; --            ; --          ; --                                ;
; MISC_FILE                           ; src_mux_inst.vhd                       ; --            ; --          ; --                                ;
; MISC_FILE                           ; src_mux.inc                            ; --            ; --          ; --                                ;
; MISC_FILE                           ; src_mux.cmp                            ; --            ; --          ; --                                ;
; MISC_FILE                           ; alu_cmp.bsf                            ; --            ; --          ; --                                ;
; MISC_FILE                           ; alu_cmp_inst.vhd                       ; --            ; --          ; --                                ;
; MISC_FILE                           ; alu_cmp.inc                            ; --            ; --          ; --                                ;
; MISC_FILE                           ; alu_cmp.cmp                            ; --            ; --          ; --                                ;
; MISC_FILE                           ; alu_cmp_unsigned.bsf                   ; --            ; --          ; --                                ;
; MISC_FILE                           ; alu_cmp_unsigned_inst.vhd              ; --            ; --          ; --                                ;
; MISC_FILE                           ; alu_cmp_unsigned.inc                   ; --            ; --          ; --                                ;
; MISC_FILE                           ; alu_cmp_unsigned.cmp                   ; --            ; --          ; --                                ;
; MISC_FILE                           ; one32bit.bsf                           ; --            ; --          ; --                                ;
; MISC_FILE                           ; one32bit_inst.vhd                      ; --            ; --          ; --                                ;
; MISC_FILE                           ; one32bit.inc                           ; --            ; --          ; --                                ;
; MISC_FILE                           ; one32bit.cmp                           ; --            ; --          ; --                                ;
; MISC_FILE                           ; const_mux.bsf                          ; --            ; --          ; --                                ;
; MISC_FILE                           ; const_mux_inst.vhd                     ; --            ; --          ; --                                ;
; MISC_FILE                           ; const_mux.inc                          ; --            ; --          ; --                                ;
; MISC_FILE                           ; const_mux.cmp                          ; --            ; --          ; --                                ;
; MISC_FILE                           ; pc_mux.bsf                             ; --            ; --          ; --                                ;
; MISC_FILE                           ; pc_mux_inst.vhd                        ; --            ; --          ; --                                ;
; MISC_FILE                           ; pc_mux.inc                             ; --            ; --          ; --                                ;
; MISC_FILE                           ; pc_mux.cmp                             ; --            ; --          ; --                                ;
; MISC_FILE                           ; four32bit.bsf                          ; --            ; --          ; --                                ;
; MISC_FILE                           ; four32bit_inst.vhd                     ; --            ; --          ; --                                ;
; MISC_FILE                           ; four32bit.inc                          ; --            ; --          ; --                                ;
; MISC_FILE                           ; four32bit.cmp                          ; --            ; --          ; --                                ;
; NOMINAL_CORE_SUPPLY_VOLTAGE         ; 1.2V                                   ; --            ; --          ; --                                ;
; PARTITION_COLOR                     ; -- (Not supported for targeted family) ; --            ; --          ; Top                               ;
; PARTITION_FITTER_PRESERVATION_LEVEL ; -- (Not supported for targeted family) ; --            ; --          ; Top                               ;
; PARTITION_NETLIST_TYPE              ; -- (Not supported for targeted family) ; --            ; --          ; Top                               ;
; POWER_BOARD_THERMAL_MODEL           ; None (CONSERVATIVE)                    ; --            ; --          ; --                                ;
; POWER_PRESET_COOLING_SOLUTION       ; 23 MM HEAT SINK WITH 200 LFPM AIRFLOW  ; --            ; --          ; --                                ;
; PROJECT_OUTPUT_DIRECTORY            ; output_files                           ; --            ; --          ; --                                ;
; SYNTH_MESSAGE_LEVEL                 ; High                                   ; Medium        ; --          ; --                                ;
+-------------------------------------+----------------------------------------+---------------+-------------+-----------------------------------+


+--------------------------------------------------------------------------------------------------------------------------+
; Flow Elapsed Time                                                                                                        ;
+----------------------+--------------+-------------------------+---------------------+------------------------------------+
; Module Name          ; Elapsed Time ; Average Processors Used ; Peak Virtual Memory ; Total CPU Time (on all processors) ;
+----------------------+--------------+-------------------------+---------------------+------------------------------------+
; Analysis & Synthesis ; 00:00:09     ; 1.0                     ; 479 MB              ; 00:00:18                           ;
; Fitter               ; 00:00:03     ; 1.0                     ; 923 MB              ; 00:00:04                           ;
; Assembler            ; 00:00:01     ; 1.0                     ; 342 MB              ; 00:00:01                           ;
; Timing Analyzer      ; 00:00:01     ; 1.0                     ; 453 MB              ; 00:00:01                           ;
; EDA Netlist Writer   ; 00:00:00     ; 1.0                     ; 591 MB              ; 00:00:00                           ;
; Total                ; 00:00:14     ; --                      ; --                  ; 00:00:24                           ;
+----------------------+--------------+-------------------------+---------------------+------------------------------------+


+----------------------------------------------------------------------------------------+
; Flow OS Summary                                                                        ;
+----------------------+------------------+----------------+------------+----------------+
; Module Name          ; Machine Hostname ; OS Name        ; OS Version ; Processor type ;
+----------------------+------------------+----------------+------------+----------------+
; Analysis & Synthesis ; notfor           ; Ubuntu 24.04.1 ; 24         ; x86_64         ;
; Fitter               ; notfor           ; Ubuntu 24.04.1 ; 24         ; x86_64         ;
; Assembler            ; notfor           ; Ubuntu 24.04.1 ; 24         ; x86_64         ;
; Timing Analyzer      ; notfor           ; Ubuntu 24.04.1 ; 24         ; x86_64         ;
; EDA Netlist Writer   ; notfor           ; Ubuntu 24.04.1 ; 24         ; x86_64         ;
+----------------------+------------------+----------------+------------+----------------+


------------
; Flow Log ;
------------
quartus_map --read_settings_files=on --write_settings_files=off forest-risc-v -c forest-risc-v
quartus_fit --read_settings_files=off --write_settings_files=off forest-risc-v -c forest-risc-v
quartus_asm --read_settings_files=off --write_settings_files=off forest-risc-v -c forest-risc-v
quartus_sta forest-risc-v -c forest-risc-v
quartus_eda --read_settings_files=off --write_settings_files=off forest-risc-v -c forest-risc-v



